https://internshala.com/internship/detail/ai-ml-123
https://internshala.com/internship/detail/ai-automation-456
